// Jest Snapshot v1, https://goo.gl/fbAQLP

exports[`<About /> Snapshot 1`] = `
<section
  className="about"
/>
`;
